// Jest Snapshot v1, https://goo.gl/fbAQLP

exports[`Pokemon Picture Match con snapshot 1`] = `<div class="pokemon-container"><img src="https://raw.githubusercontent.com/PokeAPI/sprites/master/sprites/pokemon/other/dream-world/100.svg" class="hidden-pokemon" alt="pokemon"></div>`;
