// Jest Snapshot v1, https://goo.gl/fbAQLP

exports[`Test Indesicion Prueba de snapshot del componente 1`] = `
<div>
  <!--v-if-->
  <div class="bg-dark"></div>
  <div class="indecision-container"><input name="" id="" placeholder="Hazme una pregunta">
    <p> Recuerda terminar con un signo de interrogaci√≥n (?)</p>
    <!--v-if-->
  </div>
</div>
`;
